// Jest Snapshot v1, https://goo.gl/fbAQLP

exports[`boolean-test basic type json-schema 1`] = `
"{
  \\"type\\": \\"object\\",
  \\"$schema\\": \\"http://json-schema.org/draft-07/schema#\\",
  \\"properties\\": {
    \\"field\\": {
      \\"type\\": \\"boolean\\"
    }
  },
  \\"required\\": [
    \\"field\\"
  ]
}"
`;

exports[`boolean-test basic type typescript 1`] = `
"// Generated file, do not edit!

// tslint:disable
/* eslint-disable */
// @ts-ignore -- ignore possibly unused type parameters
export interface TestInterfaceBase<IDType, DateType>
{
  field: boolean
}"
`;
