// Jest Snapshot v1, https://goo.gl/fbAQLP

exports[`complex-test basic type json-schema 1`] = `
"{
  \\"type\\": \\"object\\",
  \\"$schema\\": \\"http://json-schema.org/draft-07/schema#\\",
  \\"properties\\": {
    \\"field\\": {
      \\"type\\": \\"object\\",
      \\"required\\": [
        \\"innerField\\"
      ],
      \\"properties\\": {
        \\"innerField\\": {
          \\"type\\": \\"number\\"
        }
      },
      \\"additionalProperties\\": false
    }
  },
  \\"required\\": [
    \\"field\\"
  ]
}"
`;

exports[`complex-test basic type typescript 1`] = `
"// Generated file, do not edit!

// tslint:disable array-type
// @ts-ignore -- ignore possibly unused type parameters
export interface TestInterfaceBase<IDType, DateType> {
  field: {
    innerField: number
  }
}"
`;
