// Jest Snapshot v1, https://goo.gl/fbAQLP

exports[`object-id-test basic type json-schema 1`] = `
"{
  \\"type\\": \\"object\\",
  \\"$schema\\": \\"http://json-schema.org/draft-07/schema#\\",
  \\"properties\\": {
    \\"field\\": {
      \\"type\\": \\"string\\",
      \\"pattern\\": \\"^[a-fA-F0-9]{24}$\\"
    }
  },
  \\"required\\": [
    \\"field\\"
  ]
}"
`;

exports[`object-id-test basic type typescript 1`] = `
"// Generated file, do not edit!

// tslint:disable array-type
// @ts-ignore -- ignore possibly unused type parameters
export interface TestInterfaceBase<IDType, DateType> {
  field: IDType
}"
`;
